// Jest Snapshot v1, https://goo.gl/fbAQLP

exports[`HoverableSidenav.vue render default 1`] = `<div class="hoverable-sidenav"></div>`;
