// Jest Snapshot v1, https://goo.gl/fbAQLP

exports[`Pagination.vue props#total-pages 1`] = `<div class="pagination"><a href="javascript:void(0)">«</a> <a href="javascript:void(0)" class="is-active">1</a><a href="javascript:void(0)">2</a><a href="javascript:void(0)">3</a><a href="javascript:void(0)">4</a><a href="javascript:void(0)">5</a> <a href="javascript:void(0)">»</a></div>`;

exports[`Pagination.vue render default 1`] = `<div class="pagination"><a href="javascript:void(0)">«</a> <a href="javascript:void(0)">»</a></div>`;
