// Jest Snapshot v1, https://goo.gl/fbAQLP

exports[`VerticalMenu.vue render default 1`] = `<div class="vertical-menu"></div>`;
